Debug to stdout
[0] i: 0, ilog2(i): 0
[0] i: 0, isqrt(i): 0
[0] i: 1, ilog2(i): 0
[0] i: 1, isqrt(i): 1
[0] i: 2, ilog2(i): 1
[0] i: 2, isqrt(i): 1
[0] i: 3, ilog2(i): 1
[0] i: 3, isqrt(i): 1
[0] i: 4, ilog2(i): 2
[0] i: 4, isqrt(i): 2
[0] i: 5, ilog2(i): 2
[0] i: 5, isqrt(i): 2
[0] i: 6, ilog2(i): 2
[0] i: 6, isqrt(i): 2
[0] i: 7, ilog2(i): 2
[0] i: 7, isqrt(i): 2
[0] i: 8, ilog2(i): 3
[0] i: 8, isqrt(i): 2
[0] i: 9, ilog2(i): 3
[0] i: 9, isqrt(i): 3
[0] i: 10, ilog2(i): 3
[0] i: 10, isqrt(i): 3
[0] i: 11, ilog2(i): 3
[0] i: 11, isqrt(i): 3
[0] i: 12, ilog2(i): 3
[0] i: 12, isqrt(i): 3
[0] i: 13, ilog2(i): 3
[0] i: 13, isqrt(i): 3
[0] i: 14, ilog2(i): 3
[0] i: 14, isqrt(i): 3
[0] i: 15, ilog2(i): 3
[0] i: 15, isqrt(i): 3
[0] i: 16, ilog2(i): 4
[0] i: 16, isqrt(i): 4
[0] i: 17, ilog2(i): 4
[0] i: 17, isqrt(i): 4
[0] i: 18, ilog2(i): 4
[0] i: 18, isqrt(i): 4
[0] i: 19, ilog2(i): 4
[0] i: 19, isqrt(i): 4
