Debug to stdout
[0] MPIRPC_Block_blob(test)... 
[0] MPIRPC_Call_blob(target.rank=1,name=test,args=0,rpc->unique=1)... 
[1] MPIRPC_Request(name=test,caller.rank=0)... 
handle_test: 0
asserts ok
[1] MPIRPC_Return(caller.rank=0,unique=1,length=-1)... 
Normal exit.
[1] MPIRPC_Finalize()... 
[0] MPIRPC_Retrieve(sender.rank=1,unique=1)... 
[0] Unblocked: test
[0] MPIRPC_Free(rpc->name=test,rpc->unique=1)... 
result: (null)
Normal exit.
[0] MPIRPC_Finalize()... 
