Debug to stdout
[0] MPIRPC_Block(test)... 
[0] MPIRPC_Block_blob(test)... 
[0] MPIRPC_Call_blob(target.rank=1,name=test,args=0,rpc->unique=1)... 
[1] MPIRPC_Request(name=test,caller.rank=0)... 
[1] handle_test(args=0,a=0)... 
[1] result: 0x1925da0
[1] MPIRPC_Return(caller.rank=0,unique=1,length=-1)... 
[0] MPIRPC_Retrieve(sender.rank=1,unique=1)... 
[0] Unblocked: test
[0] MPIRPC_Free(rpc->name=test,rpc->unique=1)... 
[0] result: (null)
[0] MPIRPC_Block(test)... 
[0] MPIRPC_Block_blob(test)... 
[0] MPIRPC_Call_blob(target.rank=1,name=test,args=1,rpc->unique=2)... 
[1] MPIRPC_Request(name=test,caller.rank=0)... 
[1] handle_test(args=1,a=1)... 
[1] result: 0x1925df0
[1] MPIRPC_Return(caller.rank=0,unique=2,length=0)... 
[0] MPIRPC_Retrieve(sender.rank=1,unique=2)... 
[0] Unblocked: test
[0] MPIRPC_Free(rpc->name=test,rpc->unique=2)... 
[0] result: (null)
[0] MPIRPC_Block(test)... 
[0] MPIRPC_Block_blob(test)... 
[0] MPIRPC_Call_blob(target.rank=1,name=test,args=2,rpc->unique=3)... 
[1] MPIRPC_Request(name=test,caller.rank=0)... 
[1] handle_test(args=2,a=2)... 
[1] result: 0x1925df0
[1] MPIRPC_Return(caller.rank=0,unique=3,length=4)... 
Normal exit.
[1] MPIRPC_Finalize()... 
[0] MPIRPC_Retrieve(sender.rank=1,unique=3)... 
[0] Unblocked: test
[0] MPIRPC_Free(rpc->name=test,rpc->unique=3)... 
[0] result: ok

Normal exit.
[0] MPIRPC_Finalize()... 
