hello
hello
Debug to stdout
[1] debug_rank: 1
[0] debug_rank: 0
handle_ping
handle_ping
handle_ping
handle_ping
handle_ping
handle_quit
[0] Normal exit.
 
[1] Normal exit.
 
