Debug to stdout
[0] MPIRPC_Block(test)... 
[0] MPIRPC_Block_blob(test)... 
[0] MPIRPC_Call_blob(target.rank=1,name=test,args=(null),rpc->unique=1)... 
[1] MPIRPC_Request(name=test,caller.rank=0)... 
[1] handle_test(args=(null))... 
[1] MPIRPC_Return(caller.rank=0,unique=1,length=-1)... 
[0] MPIRPC_Retrieve(sender.rank=1,unique=1)... 
[0] Unblocked: test
[0] MPIRPC_Free(rpc->name=test,rpc->unique=1)... 
[0] MPIRPC_Block(test)... 
[0] MPIRPC_Block_blob(test)... 
[0] MPIRPC_Call_blob(target.rank=1,name=test,args=,rpc->unique=2)... 
[1] MPIRPC_Request(name=test,caller.rank=0)... 
[1] handle_test(args=)... 
[1] MPIRPC_Return(caller.rank=0,unique=2,length=-1)... 
[0] MPIRPC_Retrieve(sender.rank=1,unique=2)... 
[0] Unblocked: test
[0] MPIRPC_Free(rpc->name=test,rpc->unique=2)... 
[0] MPIRPC_Block(test)... 
[0] MPIRPC_Block_blob(test)... 
[0] MPIRPC_Call_blob(target.rank=1,name=test,args=alpha,rpc->unique=3)... 
[0] MPIRPC_Retrieve(sender.rank=1,unique=3)... 
[0] Unblocked: test
[0] MPIRPC_Free(rpc->name=test,rpc->unique=3)... 
Normal exit.
[0] MPIRPC_Finalize()... 
[1] MPIRPC_Request(name=test,caller.rank=0)... 
[1] handle_test(args=alpha)... 
[1] MPIRPC_Return(caller.rank=0,unique=3,length=-1)... 
Normal exit.
[1] MPIRPC_Finalize()... 
