Debug to stdout
[0] lru_table_add(one)... 
LRU_TABLE(1) 
{
LRU: [(one,1)]
 1: [(one,1)]
}

[0] lru_table_add(two)... 
LRU_TABLE(2) 
{
LRU: [(one,1),(two,2)]
 1: [(one,1)]
 2: [(two,2)]
}

[0] lru_table_search(key=one)... 
lru found: [\1\0\0\0]
data: 1
[0] lru_table_search(key=two)... 
lru found: [\2\0\0\0]
data: 2
[0] lru_table_search(key=one)... 
lru found: [\1\0\0\0]
data: 1
polled: two 2
polled: one 1
[0] lru_table_free()... 
loop...LRU_TABLE(0) 
{
LRU: []
}
[0] lru_table_add(0)... 
LRU_TABLE(1) 
{
LRU: [(0@0,[])]
 4: [(0@0,[])]
}
search: 1
[0] lru_table_search(key=1)... 
LRU_TABLE(1) 
{
LRU: [(0@0,[])]
 4: [(0@0,[])]
}
[0] lru_table_add(2)... 
LRU_TABLE(2) 
{
LRU: [(0@0,[]),(2@2,[XX])]
 4: [(0@0,[])]
 5: [(2@2,[XX])]
}
[0] lru_table_add(3)... 
LRU_TABLE(3) 
{
LRU: [(0@0,[]),(2@2,[XX]),(3@3,[XXX])]
 4: [(0@0,[]),(3@3,[XXX])]
 5: [(2@2,[XX])]
}
[0] lru_table_add(4)... 
LRU_TABLE(4) 
{
LRU: [(0@0,[]),(2@2,[XX]),(3@3,[XXX]),(4@4,[XXXX])]
 0: [(4@4,[XXXX])]
 4: [(0@0,[]),(3@3,[XXX])]
 5: [(2@2,[XX])]
}
[0] lru_table_add(5)... 
extra: 0 
LRU_TABLE(4) 
{
LRU: [(2@2,[XX]),(3@3,[XXX]),(4@4,[XXXX]),(5@5,[XXXXX])]
 0: [(4@4,[XXXX])]
 4: [(3@3,[XXX]),(5@5,[XXXXX])]
 5: [(2@2,[XX])]
}
search: 6
[0] lru_table_search(key=6)... 
LRU_TABLE(4) 
{
LRU: [(2@2,[XX]),(3@3,[XXX]),(4@4,[XXXX]),(5@5,[XXXXX])]
 0: [(4@4,[XXXX])]
 4: [(3@3,[XXX]),(5@5,[XXXXX])]
 5: [(2@2,[XX])]
}
search: 7
[0] lru_table_search(key=7)... 
LRU_TABLE(4) 
{
LRU: [(2@2,[XX]),(3@3,[XXX]),(4@4,[XXXX]),(5@5,[XXXXX])]
 0: [(4@4,[XXXX])]
 4: [(3@3,[XXX]),(5@5,[XXXXX])]
 5: [(2@2,[XX])]
}
[0] lru_table_add(8)... 
extra: 2 
LRU_TABLE(4) 
{
LRU: [(3@3,[XXX]),(4@4,[XXXX]),(5@5,[XXXXX]),(8@8,[XXXXXXXX])]
 0: [(4@4,[XXXX]),(8@8,[XXXXXXXX])]
 4: [(3@3,[XXX]),(5@5,[XXXXX])]
}
[0] lru_table_add(9)... 
extra: 3 
LRU_TABLE(4) 
{
LRU: [(4@4,[XXXX]),(5@5,[XXXXX]),(8@8,[XXXXXXXX]),(9@9,[XXXXXXXXX])]
 0: [(4@4,[XXXX]),(8@8,[XXXXXXXX])]
 4: [(5@5,[XXXXX])]
 5: [(9@9,[XXXXXXXXX])]
}
search: 10
[0] lru_table_search(key=10)... 
LRU_TABLE(4) 
{
LRU: [(4@4,[XXXX]),(5@5,[XXXXX]),(8@8,[XXXXXXXX]),(9@9,[XXXXXXXXX])]
 0: [(4@4,[XXXX]),(8@8,[XXXXXXXX])]
 4: [(5@5,[XXXXX])]
 5: [(9@9,[XXXXXXXXX])]
}
[0] lru_table_add(11)... 
extra: 4 
LRU_TABLE(4) 
{
LRU: [(5@5,[XXXXX]),(8@8,[XXXXXXXX]),(9@9,[XXXXXXXXX]),(11@11,[XXXXXXXXXXX])]
 0: [(8@8,[XXXXXXXX])]
 4: [(5@5,[XXXXX]),(11@11,[XXXXXXXXXXX])]
 5: [(9@9,[XXXXXXXXX])]
}
search: 12
[0] lru_table_search(key=12)... 
LRU_TABLE(4) 
{
LRU: [(5@5,[XXXXX]),(8@8,[XXXXXXXX]),(9@9,[XXXXXXXXX]),(11@11,[XXXXXXXXXXX])]
 0: [(8@8,[XXXXXXXX])]
 4: [(5@5,[XXXXX]),(11@11,[XXXXXXXXXXX])]
 5: [(9@9,[XXXXXXXXX])]
}
[0] lru_table_add(13)... 
extra: 5 
LRU_TABLE(4) 
{
LRU: [(8@8,[XXXXXXXX]),(9@9,[XXXXXXXXX]),(11@11,[XXXXXXXXXXX]),(13@13,[XXXXXXXXXXXXX])]
 0: [(8@8,[XXXXXXXX])]
 3: [(13@13,[XXXXXXXXXXXXX])]
 4: [(11@11,[XXXXXXXXXXX])]
 5: [(9@9,[XXXXXXXXX])]
}
[0] lru_table_add(14)... 
extra: 8 
LRU_TABLE(4) 
{
LRU: [(9@9,[XXXXXXXXX]),(11@11,[XXXXXXXXXXX]),(13@13,[XXXXXXXXXXXXX]),(14@14,[XXXXXXXXXXXXXX])]
 3: [(13@13,[XXXXXXXXXXXXX])]
 4: [(11@11,[XXXXXXXXXXX])]
 5: [(9@9,[XXXXXXXXX]),(14@14,[XXXXXXXXXXXXXX])]
}
search: 15
[0] lru_table_search(key=15)... 
LRU_TABLE(4) 
{
LRU: [(9@9,[XXXXXXXXX]),(11@11,[XXXXXXXXXXX]),(13@13,[XXXXXXXXXXXXX]),(14@14,[XXXXXXXXXXXXXX])]
 3: [(13@13,[XXXXXXXXXXXXX])]
 4: [(11@11,[XXXXXXXXXXX])]
 5: [(9@9,[XXXXXXXXX]),(14@14,[XXXXXXXXXXXXXX])]
}
search: 16
[0] lru_table_search(key=16)... 
LRU_TABLE(4) 
{
LRU: [(9@9,[XXXXXXXXX]),(11@11,[XXXXXXXXXXX]),(13@13,[XXXXXXXXXXXXX]),(14@14,[XXXXXXXXXXXXXX])]
 3: [(13@13,[XXXXXXXXXXXXX])]
 4: [(11@11,[XXXXXXXXXXX])]
 5: [(9@9,[XXXXXXXXX]),(14@14,[XXXXXXXXXXXXXX])]
}
search: 17
[0] lru_table_search(key=17)... 
LRU_TABLE(4) 
{
LRU: [(9@9,[XXXXXXXXX]),(11@11,[XXXXXXXXXXX]),(13@13,[XXXXXXXXXXXXX]),(14@14,[XXXXXXXXXXXXXX])]
 3: [(13@13,[XXXXXXXXXXXXX])]
 4: [(11@11,[XXXXXXXXXXX])]
 5: [(9@9,[XXXXXXXXX]),(14@14,[XXXXXXXXXXXXXX])]
}
search: 18
[0] lru_table_search(key=18)... 
LRU_TABLE(4) 
{
LRU: [(9@9,[XXXXXXXXX]),(11@11,[XXXXXXXXXXX]),(13@13,[XXXXXXXXXXXXX]),(14@14,[XXXXXXXXXXXXXX])]
 3: [(13@13,[XXXXXXXXXXXXX])]
 4: [(11@11,[XXXXXXXXXXX])]
 5: [(9@9,[XXXXXXXXX]),(14@14,[XXXXXXXXXXXXXX])]
}
search: 19
[0] lru_table_search(key=19)... 
LRU_TABLE(4) 
{
LRU: [(9@9,[XXXXXXXXX]),(11@11,[XXXXXXXXXXX]),(13@13,[XXXXXXXXXXXXX]),(14@14,[XXXXXXXXXXXXXX])]
 3: [(13@13,[XXXXXXXXXXXXX])]
 4: [(11@11,[XXXXXXXXXXX])]
 5: [(9@9,[XXXXXXXXX]),(14@14,[XXXXXXXXXXXXXX])]
}
[0] lru_table_add(20)... 
extra: 9 
LRU_TABLE(4) 
{
LRU: [(11@11,[XXXXXXXXXXX]),(13@13,[XXXXXXXXXXXXX]),(14@14,[XXXXXXXXXXXXXX]),(20@20,[XXXXXXXXXXXXXXXXXXXX])]
 2: [(20@20,[XXXXXXXXXXXXXXXXXXXX])]
 3: [(13@13,[XXXXXXXXXXXXX])]
 4: [(11@11,[XXXXXXXXXXX])]
 5: [(14@14,[XXXXXXXXXXXXXX])]
}
search: 21
[0] lru_table_search(key=21)... 
LRU_TABLE(4) 
{
LRU: [(11@11,[XXXXXXXXXXX]),(13@13,[XXXXXXXXXXXXX]),(14@14,[XXXXXXXXXXXXXX]),(20@20,[XXXXXXXXXXXXXXXXXXXX])]
 2: [(20@20,[XXXXXXXXXXXXXXXXXXXX])]
 3: [(13@13,[XXXXXXXXXXXXX])]
 4: [(11@11,[XXXXXXXXXXX])]
 5: [(14@14,[XXXXXXXXXXXXXX])]
}
[0] lru_table_add(22)... 
extra: 11 
LRU_TABLE(4) 
{
LRU: [(13@13,[XXXXXXXXXXXXX]),(14@14,[XXXXXXXXXXXXXX]),(20@20,[XXXXXXXXXXXXXXXXXXXX]),(22@22,[XXXXXXXXXXXXXXXXXXXXXX])]
 2: [(20@20,[XXXXXXXXXXXXXXXXXXXX])]
 3: [(13@13,[XXXXXXXXXXXXX])]
 4: [(22@22,[XXXXXXXXXXXXXXXXXXXXXX])]
 5: [(14@14,[XXXXXXXXXXXXXX])]
}
[0] lru_table_add(23)... 
extra: 13 
LRU_TABLE(4) 
{
LRU: [(14@14,[XXXXXXXXXXXXXX]),(20@20,[XXXXXXXXXXXXXXXXXXXX]),(22@22,[XXXXXXXXXXXXXXXXXXXXXX]),(23@23,[XXXXXXXXXXXXXXXXXXXXXXX])]
 0: [(23@23,[XXXXXXXXXXXXXXXXXXXXXXX])]
 2: [(20@20,[XXXXXXXXXXXXXXXXXXXX])]
 4: [(22@22,[XXXXXXXXXXXXXXXXXXXXXX])]
 5: [(14@14,[XXXXXXXXXXXXXX])]
}
search: 24
[0] lru_table_search(key=24)... 
LRU_TABLE(4) 
{
LRU: [(14@14,[XXXXXXXXXXXXXX]),(20@20,[XXXXXXXXXXXXXXXXXXXX]),(22@22,[XXXXXXXXXXXXXXXXXXXXXX]),(23@23,[XXXXXXXXXXXXXXXXXXXXXXX])]
 0: [(23@23,[XXXXXXXXXXXXXXXXXXXXXXX])]
 2: [(20@20,[XXXXXXXXXXXXXXXXXXXX])]
 4: [(22@22,[XXXXXXXXXXXXXXXXXXXXXX])]
 5: [(14@14,[XXXXXXXXXXXXXX])]
}
search: 25
[0] lru_table_search(key=25)... 
LRU_TABLE(4) 
{
LRU: [(14@14,[XXXXXXXXXXXXXX]),(20@20,[XXXXXXXXXXXXXXXXXXXX]),(22@22,[XXXXXXXXXXXXXXXXXXXXXX]),(23@23,[XXXXXXXXXXXXXXXXXXXXXXX])]
 0: [(23@23,[XXXXXXXXXXXXXXXXXXXXXXX])]
 2: [(20@20,[XXXXXXXXXXXXXXXXXXXX])]
 4: [(22@22,[XXXXXXXXXXXXXXXXXXXXXX])]
 5: [(14@14,[XXXXXXXXXXXXXX])]
}
search: 26
[0] lru_table_search(key=26)... 
LRU_TABLE(4) 
{
LRU: [(14@14,[XXXXXXXXXXXXXX]),(20@20,[XXXXXXXXXXXXXXXXXXXX]),(22@22,[XXXXXXXXXXXXXXXXXXXXXX]),(23@23,[XXXXXXXXXXXXXXXXXXXXXXX])]
 0: [(23@23,[XXXXXXXXXXXXXXXXXXXXXXX])]
 2: [(20@20,[XXXXXXXXXXXXXXXXXXXX])]
 4: [(22@22,[XXXXXXXXXXXXXXXXXXXXXX])]
 5: [(14@14,[XXXXXXXXXXXXXX])]
}
[0] lru_table_add(27)... 
extra: 14 
LRU_TABLE(4) 
{
LRU: [(20@20,[XXXXXXXXXXXXXXXXXXXX]),(22@22,[XXXXXXXXXXXXXXXXXXXXXX]),(23@23,[XXXXXXXXXXXXXXXXXXXXXXX]),(27@27,[XXXXXXXXXXXXXXXXXXXXXXXXXXX])]
 0: [(23@23,[XXXXXXXXXXXXXXXXXXXXXXX])]
 2: [(20@20,[XXXXXXXXXXXXXXXXXXXX])]
 4: [(22@22,[XXXXXXXXXXXXXXXXXXXXXX]),(27@27,[XXXXXXXXXXXXXXXXXXXXXXXXXXX])]
}
[0] lru_table_add(28)... 
extra: 20 
LRU_TABLE(4) 
{
LRU: [(22@22,[XXXXXXXXXXXXXXXXXXXXXX]),(23@23,[XXXXXXXXXXXXXXXXXXXXXXX]),(27@27,[XXXXXXXXXXXXXXXXXXXXXXXXXXX]),(28@28,[XXXXXXXXXXXXXXXXXXXXXXXXXXXX])]
 0: [(23@23,[XXXXXXXXXXXXXXXXXXXXXXX])]
 2: [(28@28,[XXXXXXXXXXXXXXXXXXXXXXXXXXXX])]
 4: [(22@22,[XXXXXXXXXXXXXXXXXXXXXX]),(27@27,[XXXXXXXXXXXXXXXXXXXXXXXXXXX])]
}
[0] lru_table_add(29)... 
extra: 22 
draining...
polled: 23
[XXXXXXXXXXXXXXXXXXXXXXX][0] keyvalue_destroy()... 
polled: 27
[XXXXXXXXXXXXXXXXXXXXXXXXXXX][0] keyvalue_destroy()... 
polled: 28
[XXXXXXXXXXXXXXXXXXXXXXXXXXXX][0] keyvalue_destroy()... 
polled: 29
[XXXXXXXXXXXXXXXXXXXXXXXXXXXXX][0] keyvalue_destroy()... 
[0] lru_table_free()... 

Normal exit.
