Debug to stdout
LRU_TABLE(0) 
{
LRU: []
}
[0] lru_table_add(key1)... 
LRU_TABLE(1) 
{
LRU: [(key1,data1)]
 4: [(key1,data1)]
}
[0] lru_table_add(key2)... 
LRU_TABLE(2) 
{
LRU: [(key1,data1),(key2,data2)]
 1: [(key2,data2)]
 4: [(key1,data1)]
}
[0] lru_table_update(key=key2,offset=3,length=6)... 
old data: [data2\0]new data: [dat_-_-_\0]LRU_TABLE(2) 
{
LRU: [(key1@6,[data1\0]),(key2@9,[dat_-_-_\0])]
 1: [(key2@9,[dat_-_-_\0])]
 4: [(key1@6,[data1\0])]
}
LRU_TABLE(2) 
{
LRU: [(key1,data1),(key2,dat_-_-_)]
 1: [(key2,dat_-_-_)]
 4: [(key1,data1)]
}
[0] lru_table_update(key=key2,offset=1,length=2)... 
old data: [dat_-_-_\0]new data: [dX\0_-_-_\0]LRU_TABLE(2) 
{
LRU: [(key1@6,[data1\0]),(key2@9,[dX\0_-_-_\0])]
 1: [(key2@9,[dX\0_-_-_\0])]
 4: [(key1@6,[data1\0])]
}
LRU_TABLE(2) 
{
LRU: [(key1,data1),(key2,dX)]
 1: [(key2,dX)]
 4: [(key1,data1)]
}
polled: key1 data1
polled: key2 dX
LRU_TABLE(0) 
{
LRU: []
}
